.. Common links reference file

.. _cppreference: https://en.cppreference.com/
.. _isocpp: https://isocpp.org/
.. _godbolt: https://godbolt.org/
.. _quick-bench: https://quick-bench.com/
.. _boost: https://www.boost.org/
.. _openssl: https://www.openssl.org/
.. _googletest: https://github.com/google/googletest
.. _jsoncpp: https://github.com/open-source-parsers/jsoncpp
.. _libcurl: https://curl.se/libcurl/

.. GitHub links
.. _github-kata-cpp: https://github.com/walterfan/kata-cpp
