.. _l_rstintro: http://docutils.sourceforge.net/docs/ref/rst/introduction.html
.. _l_rstspecs: http://docutils.sourceforge.net/docs/ref/rst/restructuredtext.html


.. _Web Audio API: https://developer.mozilla.org/en-US/docs/Web/API/Web_Audio_API

.. _Insertable Stream Explain: https://github.com/w3c/webrtc-encoded-transform/blob/main/explainer.md
.. _Enter Audio Worklet: https://developers.google.com/web/updates/2017/12/audio-worklet
