.. Tags reference file

.. |date| date:: %Y-%m-%d
.. |CC-BY-NC-ND| replace:: CC BY-NC-ND 4.0
.. |cpp11| replace:: :bdg-primary:`C++11`
.. |cpp14| replace:: :bdg-info:`C++14`
.. |cpp17| replace:: :bdg-success:`C++17`
.. |cpp20| replace:: :bdg-warning:`C++20`
.. |cpp23| replace:: :bdg-danger:`C++23`
.. |trap| replace:: :bdg-danger:`陷阱`
.. |tip| replace:: :bdg-success:`技巧`
.. |best| replace:: :bdg-primary:`最佳实践`
.. |perf| replace:: :bdg-warning:`性能`
